[kamleshyadav.com/coolthing/index.html]
[backblue.gif]
[fade.gif]
[index.html]
[kamleshyadav.com/coolthing/css/main.css]
[kamleshyadav.com/coolthing/css/colors/default.css]
[kamleshyadav.com/coolthing/favicon.ico]
[connect.facebook.net/en_US/fbevents.js]
[kamleshyadav.com/coolthing/images/loading.gif]
[kamleshyadav.com/coolthing/index-2.html]
[kamleshyadav.com/coolthing/images/logo.png]
[kamleshyadav.com/coolthing/home_v2.html]
[kamleshyadav.com/coolthing/home_v3.html]
[kamleshyadav.com/coolthing/home_v4.html]
[kamleshyadav.com/coolthing/home_v5.html]
[kamleshyadav.com/coolthing/home_v6.html]
[kamleshyadav.com/coolthing/home_v7.html]
[kamleshyadav.com/coolthing/home_v7_boxed.html]
[kamleshyadav.com/coolthing/about_us_v1.html]
[kamleshyadav.com/coolthing/about_us_v2.html]
[kamleshyadav.com/coolthing/shop.html]
[kamleshyadav.com/coolthing/shop-sidebar.html]
[kamleshyadav.com/coolthing/shop-product.html]
[kamleshyadav.com/coolthing/services_v1.html]
[kamleshyadav.com/coolthing/services_v2.html]
[kamleshyadav.com/coolthing/pricing.html]
[kamleshyadav.com/coolthing/sidebar.html]
[kamleshyadav.com/coolthing/full_width.html]
[kamleshyadav.com/coolthing/shortcode.html]
[kamleshyadav.com/coolthing/contact_sidebar.html]
[kamleshyadav.com/coolthing/faq.html]
[kamleshyadav.com/coolthing/contact.html]
[kamleshyadav.com/coolthing/portfolio_1col.html]
[kamleshyadav.com/coolthing/portfolio_2col.html]
[kamleshyadav.com/coolthing/portfolio_3col.html]
[kamleshyadav.com/coolthing/portfolio_4col.html]
[kamleshyadav.com/coolthing/portfolio_fullwidth.html]
[kamleshyadav.com/coolthing/portfolio_masonry.html]
[kamleshyadav.com/coolthing/portfolio_masonry2.html]
[kamleshyadav.com/coolthing/portfolio_single.html]
[kamleshyadav.com/coolthing/portfolio_single_wide.html]
[kamleshyadav.com/coolthing/blog-medium-image.html]
[kamleshyadav.com/coolthing/blog-medium-image-zigzag.html]
[kamleshyadav.com/coolthing/blog-large-image.html]
[kamleshyadav.com/coolthing/blog-boxes.html]
[kamleshyadav.com/coolthing/blog-single-post.html]
[kamleshyadav.com/coolthing/images/img.jpg]
[kamleshyadav.com/coolthing/images/slider/img1.jpg]
[kamleshyadav.com/coolthing/images/slider/woman.png]
[kamleshyadav.com/coolthing/images/slider/man.png]
[kamleshyadav.com/coolthing/images/service_mobile.png]
[kamleshyadav.com/coolthing/images/bg/style_bg.jpg]
[kamleshyadav.com/coolthing/images/quality/img1.png]
[kamleshyadav.com/coolthing/images/quality/img2.png]
[kamleshyadav.com/coolthing/images/quality/img3.png]
[kamleshyadav.com/coolthing/images/product/new_product1.jpg]
[kamleshyadav.com/coolthing/indexbd17.html]
[kamleshyadav.com/coolthing/images/product/new_product2.jpg]
[kamleshyadav.com/coolthing/images/product/new_product3.jpg]
[kamleshyadav.com/coolthing/images/product/new_product4.jpg]
[kamleshyadav.com/coolthing/images/footer_logo.png]
[kamleshyadav.com/coolthing/images/portfolio/footer_project1.jpg]
[kamleshyadav.com/coolthing/images/portfolio/footer_project2.jpg]
[kamleshyadav.com/coolthing/images/portfolio/footer_project3.jpg]
[kamleshyadav.com/coolthing/images/portfolio/footer_project4.jpg]
[kamleshyadav.com/coolthing/images/portfolio/footer_project5.jpg]
[kamleshyadav.com/coolthing/images/portfolio/footer_project6.jpg]
[kamleshyadav.com/coolthing/js/modernizr.custom.js]
[kamleshyadav.com/coolthing/js/plugin/parallax/jquery.stellar.js]
[kamleshyadav.com/coolthing/js/plugin/wow/jquery.wow.js]
[kamleshyadav.com/coolthing/js/plugin/circle/circles.js]
[kamleshyadav.com/coolthing/js/plugin/countto/jquery.appear.js]
[kamleshyadav.com/coolthing/js/plugin/countto/jquery.countTo.js]
[kamleshyadav.com/coolthing/js/plugin/owl/owl.carousel.js]
[kamleshyadav.com/coolthing/js/plugin/jquery.movingboxes.js]
[kamleshyadav.com/coolthing/js/plugin/isotop/jquery.isotope.js]
[kamleshyadav.com/coolthing/js/plugin/layerslider/js/layerslider.transitions.js]
[kamleshyadav.com/coolthing/js/plugin/fancybox/jquery.fancybox.js]
[kamleshyadav.com/coolthing/js/plugin/layerslider/js/layerslider.kreaturamedia.jquery.js]
[kamleshyadav.com/coolthing/js/custom.js]
[kamleshyadav.com/coolthing/js/plugin/layerslider/js/greensock.js]
[kamleshyadav.com/coolthing/js/jquery.bootstrap.js]
[kamleshyadav.com/coolthing/index.html]
[kamleshyadav.com/coolthing/js/switcher.js]
[kamleshyadav.com/coolthing/css/woocommerce.css]
[kamleshyadav.com/coolthing/css/style.css]
[kamleshyadav.com/coolthing/css/responsive.css]
[kamleshyadav.com/coolthing/js/jquery.js]
[kamleshyadav.com/coolthing/css/fonts.css]
[kamleshyadav.com/coolthing/css/bootstrap.css]
[kamleshyadav.com/coolthing/css/font-awesome.css]
[kamleshyadav.com/coolthing/css/animate.css]
[kamleshyadav.com/coolthing/css/switcher.css]
[kamleshyadav.com/coolthing/js/plugin/layerslider/css/layerslider.css]
[kamleshyadav.com/coolthing/js/plugin/owl/owl.carousel.css]
[kamleshyadav.com/coolthing/css/main.css]
[kamleshyadav.com/coolthing/css/colors/default.css]
[kamleshyadav.com/coolthing/js/plugin/fancybox/jquery.fancybox.css]
[kamleshyadav.com/coolthing/POST]
[connect.facebook.net/en_US/fbevents.js]
[kamleshyadav.com/coolthing/index-2.html]
[kamleshyadav.com/coolthing/images/bg/mockup_bg.jpg]
[kamleshyadav.com/coolthing/images/mock_up.png]
[kamleshyadav.com/coolthing/images/portfolio/pm1.jpg]
[kamleshyadav.com/coolthing/images/plachold.jpg]
[kamleshyadav.com/coolthing/images/portfolio/pm2.jpg]
[kamleshyadav.com/coolthing/images/portfolio/pm3.jpg]
[kamleshyadav.com/coolthing/images/portfolio/pm4.jpg]
[kamleshyadav.com/coolthing/images/portfolio/pm5.jpg]
[kamleshyadav.com/coolthing/images/gloss.png]
[kamleshyadav.com/coolthing/images/bg/business_bg.jpg]
[kamleshyadav.com/coolthing/js/plugin/isotop/packery.js]
[kamleshyadav.com/coolthing/home_v2.html]
[kamleshyadav.com/coolthing/images/slider/slide1_home3.jpg]
[kamleshyadav.com/coolthing/images/slider/slide2_home3.jpg]
[kamleshyadav.com/coolthing/images/about/ach.jpg]
[kamleshyadav.com/coolthing/home_v3.html]
[kamleshyadav.com/coolthing/images/about/how_we_are1.jpg]
[kamleshyadav.com/coolthing/images/about/how_we_are2.jpg]
[kamleshyadav.com/coolthing/media/photography-dark-video-1.mp4]
[kamleshyadav.com/coolthing/images/blog/post_slider1.jpg]
[kamleshyadav.com/coolthing/images/icon/play-icon.png]
[kamleshyadav.com/coolthing/images/blog/post_slider.jpg]
[kamleshyadav.com/coolthing/images/blog/blog_post.jpg]
[kamleshyadav.com/coolthing/images/blog/blog_large_image3.jpg]
[kamleshyadav.com/coolthing/home_v4.html]
[kamleshyadav.com/coolthing/images/slider/slider-area.jpg]
[kamleshyadav.com/coolthing/images/slider/video-shadow-bottom.png]
[kamleshyadav.com/coolthing/images/slider/video-shadow-top.png]
[kamleshyadav.com/coolthing/home_v5.html]
[kamleshyadav.com/coolthing/images/service/feature_1.jpg]
[kamleshyadav.com/coolthing/images/service/feature_2.jpg]
[kamleshyadav.com/coolthing/images/service/feature_3.jpg]
[kamleshyadav.com/coolthing/images/mockup_2.png]
[kamleshyadav.com/coolthing/home_v6.html]
[kamleshyadav.com/coolthing/home_v7.html]
[kamleshyadav.com/coolthing/home_v7_boxed.html]
[kamleshyadav.com/coolthing/images/service/part1.jpg]
[kamleshyadav.com/coolthing/images/service/part2.jpg]
[kamleshyadav.com/coolthing/images/service/part3.jpg]
[kamleshyadav.com/coolthing/images/service/part4.jpg]
[kamleshyadav.com/coolthing/images/service/part5.jpg]
[kamleshyadav.com/coolthing/about_us_v1.html]
[kamleshyadav.com/coolthing/images/team/team1.jpg]
[kamleshyadav.com/coolthing/images/team/team2.jpg]
[kamleshyadav.com/coolthing/images/team/team3.jpg]
[kamleshyadav.com/coolthing/images/team/team4.jpg]
[kamleshyadav.com/coolthing/about_us_v2.html]
[kamleshyadav.com/coolthing/shop.html]
[kamleshyadav.com/coolthing/images/sidebar/latest_product1.jpg]
[kamleshyadav.com/coolthing/images/sidebar/latest_product2.jpg]
[kamleshyadav.com/coolthing/images/sidebar/latest_product3.jpg]
[kamleshyadav.com/coolthing/shop-sidebar.html]
[kamleshyadav.com/coolthing/images/product/product_single.jpg]
[kamleshyadav.com/coolthing/images/product/product_thumbnail1.jpg]
[kamleshyadav.com/coolthing/images/product/product_thumbnail2.jpg]
[kamleshyadav.com/coolthing/images/product/product_thumbnail3.jpg]
[kamleshyadav.com/wp-developer/rockon/wp-includes/images/smilies/icon_smile.gif]
[kamleshyadav.com/coolthing/shop-product.html]
[kamleshyadav.com/coolthing/services_v1.html]
[kamleshyadav.com/coolthing/services_v2.html]
[kamleshyadav.com/coolthing/pricing.html]
[kamleshyadav.com/coolthing/images/portfolio/latest_project1.jpg]
[kamleshyadav.com/coolthing/images/portfolio/latest_project2.jpg]
[kamleshyadav.com/coolthing/images/portfolio/latest_project3.jpg]
[kamleshyadav.com/coolthing/images/fullwidth/sidebar.jpg]
[kamleshyadav.com/coolthing/sidebar.html]
[kamleshyadav.com/coolthing/images/fullwidth/full1.jpg]
[kamleshyadav.com/coolthing/images/fullwidth/full2.jpg]
[kamleshyadav.com/coolthing/images/fullwidth/full3.jpg]
[kamleshyadav.com/coolthing/full_width.html]
[kamleshyadav.com/coolthing/images/shortcode/shortcode1.jpg]
[kamleshyadav.com/coolthing/images/shortcode/shortcode2.jpg]
[kamleshyadav.com/coolthing/images/shortcode/icon1.png]
[kamleshyadav.com/coolthing/images/shortcode/icon2.png]
[kamleshyadav.com/coolthing/images/shortcode/icon3.png]
[kamleshyadav.com/coolthing/images/shortcode/icon4.png]
[kamleshyadav.com/coolthing/images/shortcode/icon5.png]
[kamleshyadav.com/coolthing/images/shortcode/shortcode3.jpg]
[kamleshyadav.com/coolthing/images/shortcode/testimonial1.jpg]
[kamleshyadav.com/coolthing/images/shortcode/short_tab1.jpg]
[kamleshyadav.com/coolthing/images/portfolio/recent_work1.jpg]
[kamleshyadav.com/coolthing/images/portfolio/recent_work2.jpg]
[kamleshyadav.com/coolthing/images/portfolio/recent_work3.jpg]
[kamleshyadav.com/coolthing/images/portfolio/recent_work4.jpg]
[kamleshyadav.com/coolthing/images/portfolio/project1.jpg]
[kamleshyadav.com/coolthing/images/portfolio/project2.jpg]
[kamleshyadav.com/coolthing/images/portfolio/project3.jpg]
[kamleshyadav.com/coolthing/images/portfolio/project4.jpg]
[kamleshyadav.com/coolthing/images/shortcode/right_img1.jpg]
[kamleshyadav.com/coolthing/images/shortcode/right_img2.jpg]
[kamleshyadav.com/coolthing/images/shortcode/left_slider1.jpg]
[kamleshyadav.com/coolthing/images/shortcode/left_slider2.jpg]
[kamleshyadav.com/coolthing/images/team/team21.jpg]
[kamleshyadav.com/coolthing/images/team/team22.jpg]
[kamleshyadav.com/coolthing/images/team/team23.jpg]
[kamleshyadav.com/coolthing/shortcode.html]
[kamleshyadav.com/coolthing/contact_sidebar.html]
[kamleshyadav.com/coolthing/images/faq.jpg]
[kamleshyadav.com/coolthing/faq.html]
[kamleshyadav.com/coolthing/contact.html]
[kamleshyadav.com/coolthing/images/portfolio/p1.jpg]
[kamleshyadav.com/coolthing/images/portfolio/p2.jpg]
[kamleshyadav.com/coolthing/images/portfolio/p3.jpg]
[kamleshyadav.com/coolthing/images/portfolio/p4.jpg]
[kamleshyadav.com/coolthing/images/portfolio/p5.jpg]
[kamleshyadav.com/coolthing/portfolio_1col.html]
[kamleshyadav.com/coolthing/images/portfolio/p11.jpg]
[kamleshyadav.com/coolthing/images/portfolio/p33.jpg]
[kamleshyadav.com/coolthing/images/portfolio/p22.jpg]
[kamleshyadav.com/coolthing/images/portfolio/p55.jpg]
[kamleshyadav.com/coolthing/images/portfolio/p44.jpg]
[kamleshyadav.com/coolthing/portfolio_2col.html]
[kamleshyadav.com/coolthing/images/portfolio/p31.jpg]
[kamleshyadav.com/coolthing/images/portfolio/p32.jpg]
[kamleshyadav.com/coolthing/images/portfolio/p34.jpg]
[kamleshyadav.com/coolthing/images/portfolio/p333.jpg]
[kamleshyadav.com/coolthing/images/portfolio/p35.jpg]
[kamleshyadav.com/coolthing/portfolio_3col.html]
[kamleshyadav.com/coolthing/images/portfolio/p41.jpg]
[kamleshyadav.com/coolthing/images/portfolio/p42.jpg]
[kamleshyadav.com/coolthing/images/portfolio/p43.jpg]
[kamleshyadav.com/coolthing/images/portfolio/p444.jpg]
[kamleshyadav.com/coolthing/images/portfolio/p45.jpg]
[kamleshyadav.com/coolthing/portfolio_4col.html]
[kamleshyadav.com/coolthing/images/portfolio/pf1.jpg]
[kamleshyadav.com/coolthing/images/portfolio/pf2.jpg]
[kamleshyadav.com/coolthing/images/portfolio/pf3.jpg]
[kamleshyadav.com/coolthing/images/portfolio/pf4.jpg]
[kamleshyadav.com/coolthing/images/portfolio/pf5.jpg]
[kamleshyadav.com/coolthing/portfolio_fullwidth.html]
[kamleshyadav.com/coolthing/portfolio_masonry.html]
[kamleshyadav.com/coolthing/images/portfolio/pm11.jpg]
[kamleshyadav.com/coolthing/images/portfolio/pm12.jpg]
[kamleshyadav.com/coolthing/images/portfolio/pm13.jpg]
[kamleshyadav.com/coolthing/images/portfolio/pm14.jpg]
[kamleshyadav.com/coolthing/images/portfolio/pm15.jpg]
[kamleshyadav.com/coolthing/images/portfolio/pm16.jpg]
[kamleshyadav.com/coolthing/portfolio_masonry2.html]
[kamleshyadav.com/coolthing/images/portfolio/pf_single.jpg]
[kamleshyadav.com/coolthing/portfolio_single.html]
[kamleshyadav.com/coolthing/images/portfolio/port_wide.jpg]
[kamleshyadav.com/coolthing/portfolio_single_wide.html]
[kamleshyadav.com/coolthing/images/blog/blog_medium_image1.jpg]
[kamleshyadav.com/coolthing/images/blog/blog_medium_image2.jpg]
[kamleshyadav.com/coolthing/images/icon/link_plus.png]
[kamleshyadav.com/coolthing/images/blog/blog_medium_image3.jpg]
[kamleshyadav.com/coolthing/images/blog/blog_medium_image4.jpg]
[kamleshyadav.com/coolthing/images/blog/blog_medium_image5.jpg]
[kamleshyadav.com/coolthing/blog-medium-image.html]
[kamleshyadav.com/coolthing/blog-medium-image-zigzag.html]
[kamleshyadav.com/coolthing/images/blog/blog_large_image1.jpg]
[kamleshyadav.com/coolthing/images/blog/blog_large_image2.jpg]
[kamleshyadav.com/coolthing/images/blog/blog_large_image4.jpg]
[kamleshyadav.com/coolthing/blog-large-image.html]
[kamleshyadav.com/coolthing/images/blog/blog_boxes1.jpg]
[kamleshyadav.com/coolthing/images/blog/blog_boxes2.jpg]
[kamleshyadav.com/coolthing/images/blog/blog_boxes3.jpg]
[kamleshyadav.com/coolthing/images/blog/blog_boxes4.jpg]
[kamleshyadav.com/coolthing/images/blog/blog_boxes5.jpg]
[kamleshyadav.com/coolthing/blog-boxes.html]
[kamleshyadav.com/coolthing/images/blog/auther1.jpg]
[kamleshyadav.com/coolthing/blog-single-post.html]
[kamleshyadav.com/coolthing/indexbd17.html]
[kamleshyadav.com/coolthing/fonts/star.eot]
[kamleshyadav.com/coolthing/fonts/stard41d.eot]
[kamleshyadav.com/coolthing/fonts/star.woff]
[kamleshyadav.com/coolthing/fonts/star.ttf]
[kamleshyadav.com/coolthing/fonts/star.svg]
[kamleshyadav.com/coolthing/fonts/WooCommerce.eot]
[kamleshyadav.com/coolthing/fonts/WooCommerce.woff]
[kamleshyadav.com/coolthing/fonts/WooCommerce.ttf]
[kamleshyadav.com/coolthing/fonts/WooCommerced41d.eot]
[kamleshyadav.com/coolthing/fonts/WooCommerce.svg]
[kamleshyadav.com/coolthing/images/icon/arrow-left.png]
[kamleshyadav.com/coolthing/images/icon/arrow-right.png]
[kamleshyadav.com/coolthing/css/woocommerce.css]
[kamleshyadav.com/coolthing/images/bg/pattern.png]
[kamleshyadav.com/coolthing/images/bg/pattern_2.png]
[kamleshyadav.com/coolthing/images/patterns/pattern-1.png]
[kamleshyadav.com/coolthing/images/bg/top.jpg]
[kamleshyadav.com/coolthing/images/bg/bottom-shadow.jpg]
[kamleshyadav.com/coolthing/images/bg/duct-tape.png]
[kamleshyadav.com/coolthing/images/slider/mask2.png]
[kamleshyadav.com/coolthing/images/slider/mask3.png]
[kamleshyadav.com/coolthing/css/style.css]
[kamleshyadav.com/coolthing/css/responsive.css]
[kamleshyadav.com/coolthing/fonts/museo-slab/Museo-Slab-500-Regular.eot]
[kamleshyadav.com/coolthing/fonts/museo-slab/Museo-Slab-500-Regular.woff]
[kamleshyadav.com/coolthing/fonts/museo-slab/Museo-Slab-500-Regular.ttf]
[kamleshyadav.com/coolthing/fonts/museo-slab/Museo-Slab-500-Regulard41d.eot]
[kamleshyadav.com/coolthing/fonts/museo-slab/Museo-Slab-500-Regular.svg]
[kamleshyadav.com/coolthing/css/fonts.css]
[kamleshyadav.com/coolthing/fonts/glyphicons-halflings-regular.eot]
[kamleshyadav.com/coolthing/fonts/glyphicons-halflings-regular.woff]
[kamleshyadav.com/coolthing/fonts/glyphicons-halflings-regular.ttf]
[kamleshyadav.com/coolthing/fonts/glyphicons-halflings-regulard41d.eot]
[kamleshyadav.com/coolthing/fonts/glyphicons-halflings-regular.svg]
[kamleshyadav.com/coolthing/css/bootstrap.css]
[kamleshyadav.com/coolthing/fonts/fontawesome-webfonte0a5.eot]
[kamleshyadav.com/coolthing/fonts/fontawesome-webfontd41d.eot]
[kamleshyadav.com/coolthing/fonts/fontawesome-webfonte0a5.woff2]
[kamleshyadav.com/coolthing/fonts/fontawesome-webfonte0a5.woff]
[kamleshyadav.com/coolthing/fonts/fontawesome-webfonte0a5.ttf]
[kamleshyadav.com/coolthing/fonts/fontawesome-webfonte0a5.svg]
[kamleshyadav.com/coolthing/css/font-awesome.css]
[kamleshyadav.com/coolthing/css/animate.css]
[kamleshyadav.com/coolthing/images/icon/settings-icon.png]
[kamleshyadav.com/coolthing/images/patterns/pattern-2.png]
[kamleshyadav.com/coolthing/images/patterns/pattern-3.jpg]
[kamleshyadav.com/coolthing/images/patterns/pattern-4.png]
[kamleshyadav.com/coolthing/images/patterns/pattern-5.png]
[kamleshyadav.com/coolthing/images/patterns/pattern-6.png]
[kamleshyadav.com/coolthing/images/patterns/pattern-7.jpg]
[kamleshyadav.com/coolthing/images/patterns/pattern-8.png]
[kamleshyadav.com/coolthing/images/settings-icon.png]
[kamleshyadav.com/coolthing/css/switcher.css]
[kamleshyadav.com/coolthing/js/plugin/layerslider/css/blank.gif]
[kamleshyadav.com/coolthing/js/plugin/layerslider/css/layerslider.css]
[kamleshyadav.com/coolthing/js/plugin/images/icon/owl.video.play.png]
[kamleshyadav.com/coolthing/js/plugin/owl/owl.carousel.css]
[kamleshyadav.com/coolthing/js/plugin/fancybox/fancybox_sprite.png]
[kamleshyadav.com/coolthing/js/plugin/fancybox/fancybox_loading.gif]
[kamleshyadav.com/coolthing/js/plugin/fancybox/blank.gif]
[kamleshyadav.com/coolthing/js/plugin/fancybox/fancybox_overlay.png]
[kamleshyadav.com/coolthing/js/plugin/fancybox/fancybox_sprite@2x.png]
[kamleshyadav.com/coolthing/js/plugin/fancybox/fancybox_loading@2x.gif]
[kamleshyadav.com/coolthing/js/plugin/fancybox/jquery.fancybox.css]
[kamleshyadav.com/coolthing/POST.html]
[kamleshyadav.com/coolthing/media/photography-dark-video-1.mp4]
